[0.026s] Invoking command in '/home/phuc/ur_robot_drawing/build/ur_drawing': CMAKE_PREFIX_PATH=${CMAKE_PREFIX_PATH}:/opt/ros/humble /usr/bin/cmake /home/phuc/ur_robot_drawing/ur_gz/src/ur_drawing -DCMAKE_INSTALL_PREFIX=/home/phuc/ur_robot_drawing/install/ur_drawing
[0.174s] -- The C compiler identification is GNU 11.4.0
[0.311s] -- The CXX compiler identification is GNU 11.4.0
[0.327s] -- Detecting C compiler ABI info
[0.433s] -- Detecting C compiler ABI info - done
[0.448s] -- Check for working C compiler: /usr/bin/cc - skipped
[0.448s] -- Detecting C compile features
[0.449s] -- Detecting C compile features - done
[0.454s] -- Detecting CXX compiler ABI info
[0.575s] -- Detecting CXX compiler ABI info - done
[0.592s] -- Check for working CXX compiler: /usr/bin/c++ - skipped
[0.593s] -- Detecting CXX compile features
[0.594s] -- Detecting CXX compile features - done
[0.599s] -- Found ament_cmake: 1.3.14 (/opt/ros/humble/share/ament_cmake/cmake)
[1.177s] -- Found Python3: /usr/bin/python3 (found version "3.10.12") found components: Interpreter 
[1.470s] -- Configuring done
[1.474s] -- Generating done
[1.478s] -- Build files have been written to: /home/phuc/ur_robot_drawing/build/ur_drawing
[1.484s] Invoked command in '/home/phuc/ur_robot_drawing/build/ur_drawing' returned '0': CMAKE_PREFIX_PATH=${CMAKE_PREFIX_PATH}:/opt/ros/humble /usr/bin/cmake /home/phuc/ur_robot_drawing/ur_gz/src/ur_drawing -DCMAKE_INSTALL_PREFIX=/home/phuc/ur_robot_drawing/install/ur_drawing
[1.487s] Invoking command in '/home/phuc/ur_robot_drawing/build/ur_drawing': CMAKE_PREFIX_PATH=${CMAKE_PREFIX_PATH}:/opt/ros/humble /usr/bin/cmake --build /home/phuc/ur_robot_drawing/build/ur_drawing -- -j12 -l12
[1.547s] Invoked command in '/home/phuc/ur_robot_drawing/build/ur_drawing' returned '0': CMAKE_PREFIX_PATH=${CMAKE_PREFIX_PATH}:/opt/ros/humble /usr/bin/cmake --build /home/phuc/ur_robot_drawing/build/ur_drawing -- -j12 -l12
[1.561s] Invoking command in '/home/phuc/ur_robot_drawing/build/ur_drawing': CMAKE_PREFIX_PATH=${CMAKE_PREFIX_PATH}:/opt/ros/humble /usr/bin/cmake --install /home/phuc/ur_robot_drawing/build/ur_drawing
[1.572s] -- Install configuration: ""
[1.572s] -- Installing: /home/phuc/ur_robot_drawing/install/ur_drawing/share/ur_drawing/config
[1.573s] -- Installing: /home/phuc/ur_robot_drawing/install/ur_drawing/share/ur_drawing/config/draw_p.rviz
[1.573s] -- Installing: /home/phuc/ur_robot_drawing/install/ur_drawing/share/ur_drawing/launch
[1.573s] -- Installing: /home/phuc/ur_robot_drawing/install/ur_drawing/share/ur_drawing/launch/draw_p.launch.py
[1.573s] -- Installing: /home/phuc/ur_robot_drawing/install/ur_drawing/lib/ur_drawing/draw_p.py
[1.574s] -- Installing: /home/phuc/ur_robot_drawing/install/ur_drawing/share/ament_index/resource_index/package_run_dependencies/ur_drawing
[1.574s] -- Installing: /home/phuc/ur_robot_drawing/install/ur_drawing/share/ament_index/resource_index/parent_prefix_path/ur_drawing
[1.574s] -- Installing: /home/phuc/ur_robot_drawing/install/ur_drawing/share/ur_drawing/environment/ament_prefix_path.sh
[1.575s] -- Installing: /home/phuc/ur_robot_drawing/install/ur_drawing/share/ur_drawing/environment/ament_prefix_path.dsv
[1.575s] -- Installing: /home/phuc/ur_robot_drawing/install/ur_drawing/share/ur_drawing/environment/path.sh
[1.575s] -- Installing: /home/phuc/ur_robot_drawing/install/ur_drawing/share/ur_drawing/environment/path.dsv
[1.576s] -- Installing: /home/phuc/ur_robot_drawing/install/ur_drawing/share/ur_drawing/local_setup.bash
[1.576s] -- Installing: /home/phuc/ur_robot_drawing/install/ur_drawing/share/ur_drawing/local_setup.sh
[1.576s] -- Installing: /home/phuc/ur_robot_drawing/install/ur_drawing/share/ur_drawing/local_setup.zsh
[1.576s] -- Installing: /home/phuc/ur_robot_drawing/install/ur_drawing/share/ur_drawing/local_setup.dsv
[1.576s] -- Installing: /home/phuc/ur_robot_drawing/install/ur_drawing/share/ur_drawing/package.dsv
[1.577s] -- Installing: /home/phuc/ur_robot_drawing/install/ur_drawing/share/ament_index/resource_index/packages/ur_drawing
[1.577s] -- Installing: /home/phuc/ur_robot_drawing/install/ur_drawing/share/ur_drawing/cmake/ur_drawingConfig.cmake
[1.577s] -- Installing: /home/phuc/ur_robot_drawing/install/ur_drawing/share/ur_drawing/cmake/ur_drawingConfig-version.cmake
[1.577s] -- Installing: /home/phuc/ur_robot_drawing/install/ur_drawing/share/ur_drawing/package.xml
[1.580s] Invoked command in '/home/phuc/ur_robot_drawing/build/ur_drawing' returned '0': CMAKE_PREFIX_PATH=${CMAKE_PREFIX_PATH}:/opt/ros/humble /usr/bin/cmake --install /home/phuc/ur_robot_drawing/build/ur_drawing
