[0.255s] DEBUG:colcon:Command line arguments: ['/usr/bin/colcon', 'build', '--base-paths', 'ur_gz/src', '--packages-select', 'ur_drawing', '--build-base', '/tmp/ur_drawing_build', '--install-base', '/tmp/ur_drawing_install']
[0.256s] DEBUG:colcon:Parsed command line arguments: Namespace(log_base=None, log_level=None, verb_name='build', build_base='/tmp/ur_drawing_build', install_base='/tmp/ur_drawing_install', merge_install=False, symlink_install=False, test_result_base=None, continue_on_error=False, executor='parallel', parallel_workers=12, event_handlers=None, ignore_user_meta=False, metas=['./colcon.meta'], base_paths=['ur_gz/src'], packages_ignore=None, packages_ignore_regex=None, paths=None, packages_up_to=None, packages_up_to_regex=None, packages_above=None, packages_above_and_dependencies=None, packages_above_depth=None, packages_select_by_dep=None, packages_skip_by_dep=None, packages_skip_up_to=None, packages_select_build_failed=False, packages_skip_build_finished=False, packages_select_test_failures=False, packages_skip_test_passed=False, packages_select=['ur_drawing'], packages_skip=None, packages_select_regex=None, packages_skip_regex=None, packages_start=None, packages_end=None, allow_overriding=[], cmake_args=None, cmake_target=None, cmake_target_skip_unavailable=False, cmake_clean_cache=False, cmake_clean_first=False, cmake_force_configure=False, ament_cmake_args=None, catkin_cmake_args=None, catkin_skip_building_tests=False, verb_parser=<colcon_defaults.argument_parser.defaults.DefaultArgumentsDecorator object at 0x7166af050700>, verb_extension=<colcon_core.verb.build.BuildVerb object at 0x7166af1aa4d0>, main=<bound method BuildVerb.main of <colcon_core.verb.build.BuildVerb object at 0x7166af1aa4d0>>)
[0.312s] Level 1:colcon.colcon_core.package_discovery:discover_packages(colcon_meta) check parameters
[0.312s] Level 1:colcon.colcon_core.package_discovery:discover_packages(recursive) check parameters
[0.312s] Level 1:colcon.colcon_core.package_discovery:discover_packages(ignore) check parameters
[0.312s] Level 1:colcon.colcon_core.package_discovery:discover_packages(path) check parameters
[0.312s] Level 1:colcon.colcon_core.package_discovery:discover_packages(recursive) discover
[0.312s] INFO:colcon.colcon_core.package_discovery:Crawling recursively for packages in '/home/phuc/ur_robot_drawing/ur_gz/src'
[0.312s] Level 1:colcon.colcon_core.package_identification:_identify(ur_gz/src) by extensions ['ignore', 'ignore_ament_install']
[0.312s] Level 1:colcon.colcon_core.package_identification:_identify(ur_gz/src) by extension 'ignore'
[0.312s] Level 1:colcon.colcon_core.package_identification:_identify(ur_gz/src) by extension 'ignore_ament_install'
[0.312s] Level 1:colcon.colcon_core.package_identification:_identify(ur_gz/src) by extensions ['colcon_pkg']
[0.312s] Level 1:colcon.colcon_core.package_identification:_identify(ur_gz/src) by extension 'colcon_pkg'
[0.312s] Level 1:colcon.colcon_core.package_identification:_identify(ur_gz/src) by extensions ['colcon_meta']
[0.312s] Level 1:colcon.colcon_core.package_identification:_identify(ur_gz/src) by extension 'colcon_meta'
[0.312s] Level 1:colcon.colcon_core.package_identification:_identify(ur_gz/src) by extensions ['ros']
[0.312s] Level 1:colcon.colcon_core.package_identification:_identify(ur_gz/src) by extension 'ros'
[0.328s] Level 1:colcon.colcon_core.package_identification:_identify(ur_gz/src) by extensions ['cmake', 'python']
[0.328s] Level 1:colcon.colcon_core.package_identification:_identify(ur_gz/src) by extension 'cmake'
[0.328s] Level 1:colcon.colcon_core.package_identification:_identify(ur_gz/src) by extension 'python'
[0.328s] Level 1:colcon.colcon_core.package_identification:_identify(ur_gz/src) by extensions ['python_setup_py']
[0.328s] Level 1:colcon.colcon_core.package_identification:_identify(ur_gz/src) by extension 'python_setup_py'
[0.328s] Level 1:colcon.colcon_core.package_identification:_identify(ur_gz/src/ur_drawing) by extensions ['ignore', 'ignore_ament_install']
[0.328s] Level 1:colcon.colcon_core.package_identification:_identify(ur_gz/src/ur_drawing) by extension 'ignore'
[0.328s] Level 1:colcon.colcon_core.package_identification:_identify(ur_gz/src/ur_drawing) by extension 'ignore_ament_install'
[0.328s] Level 1:colcon.colcon_core.package_identification:_identify(ur_gz/src/ur_drawing) by extensions ['colcon_pkg']
[0.328s] Level 1:colcon.colcon_core.package_identification:_identify(ur_gz/src/ur_drawing) by extension 'colcon_pkg'
[0.328s] Level 1:colcon.colcon_core.package_identification:_identify(ur_gz/src/ur_drawing) by extensions ['colcon_meta']
[0.328s] Level 1:colcon.colcon_core.package_identification:_identify(ur_gz/src/ur_drawing) by extension 'colcon_meta'
[0.328s] Level 1:colcon.colcon_core.package_identification:_identify(ur_gz/src/ur_drawing) by extensions ['ros']
[0.328s] Level 1:colcon.colcon_core.package_identification:_identify(ur_gz/src/ur_drawing) by extension 'ros'
[0.332s] DEBUG:colcon.colcon_core.package_identification:Package 'ur_gz/src/ur_drawing' with type 'ros.ament_cmake' and name 'ur_drawing'
[0.332s] Level 1:colcon.colcon_core.package_discovery:discover_packages(recursive) using defaults
[0.361s] Level 1:colcon.colcon_core.package_discovery:discover_packages(prefix_path) check parameters
[0.361s] Level 1:colcon.colcon_core.package_discovery:discover_packages(prefix_path) discover
[0.365s] DEBUG:colcon.colcon_installed_package_information.package_discovery:Found 506 installed packages in /opt/ros/humble
[0.367s] Level 1:colcon.colcon_core.package_discovery:discover_packages(prefix_path) using defaults
[0.436s] Level 5:colcon.colcon_core.verb:set package 'ur_drawing' build argument 'cmake_args' from command line to 'None'
[0.436s] Level 5:colcon.colcon_core.verb:set package 'ur_drawing' build argument 'cmake_target' from command line to 'None'
[0.436s] Level 5:colcon.colcon_core.verb:set package 'ur_drawing' build argument 'cmake_target_skip_unavailable' from command line to 'False'
[0.436s] Level 5:colcon.colcon_core.verb:set package 'ur_drawing' build argument 'cmake_clean_cache' from command line to 'False'
[0.436s] Level 5:colcon.colcon_core.verb:set package 'ur_drawing' build argument 'cmake_clean_first' from command line to 'False'
[0.436s] Level 5:colcon.colcon_core.verb:set package 'ur_drawing' build argument 'cmake_force_configure' from command line to 'False'
[0.436s] Level 5:colcon.colcon_core.verb:set package 'ur_drawing' build argument 'ament_cmake_args' from command line to 'None'
[0.436s] Level 5:colcon.colcon_core.verb:set package 'ur_drawing' build argument 'catkin_cmake_args' from command line to 'None'
[0.436s] Level 5:colcon.colcon_core.verb:set package 'ur_drawing' build argument 'catkin_skip_building_tests' from command line to 'False'
[0.436s] DEBUG:colcon.colcon_core.verb:Building package 'ur_drawing' with the following arguments: {'ament_cmake_args': None, 'build_base': '/tmp/ur_drawing_build/ur_drawing', 'catkin_cmake_args': None, 'catkin_skip_building_tests': False, 'cmake_args': None, 'cmake_clean_cache': False, 'cmake_clean_first': False, 'cmake_force_configure': False, 'cmake_target': None, 'cmake_target_skip_unavailable': False, 'install_base': '/tmp/ur_drawing_install/ur_drawing', 'merge_install': False, 'path': '/home/phuc/ur_robot_drawing/ur_gz/src/ur_drawing', 'symlink_install': False, 'test_result_base': None}
[0.437s] INFO:colcon.colcon_core.executor:Executing jobs using 'parallel' executor
[0.437s] DEBUG:colcon.colcon_parallel_executor.executor.parallel:run_until_complete
[0.438s] INFO:colcon.colcon_ros.task.ament_cmake.build:Building ROS package in '/home/phuc/ur_robot_drawing/ur_gz/src/ur_drawing' with build type 'ament_cmake'
[0.438s] INFO:colcon.colcon_cmake.task.cmake.build:Building CMake package in '/home/phuc/ur_robot_drawing/ur_gz/src/ur_drawing'
[0.441s] INFO:colcon.colcon_core.plugin_system:Skipping extension 'colcon_core.shell.bat': Not used on non-Windows systems
[0.442s] INFO:colcon.colcon_core.shell:Skip shell extension 'powershell' for command environment: Not usable outside of PowerShell
[0.442s] DEBUG:colcon.colcon_core.shell:Skip shell extension 'dsv' for command environment
[0.450s] DEBUG:colcon.colcon_core.event_handler.log_command:Invoking command in '/tmp/ur_drawing_build/ur_drawing': CMAKE_PREFIX_PATH=/opt/ros/humble /usr/bin/cmake /home/phuc/ur_robot_drawing/ur_gz/src/ur_drawing -DCMAKE_INSTALL_PREFIX=/tmp/ur_drawing_install/ur_drawing
[1.486s] DEBUG:colcon.colcon_core.event_handler.log_command:Invoked command in '/tmp/ur_drawing_build/ur_drawing' returned '0': CMAKE_PREFIX_PATH=/opt/ros/humble /usr/bin/cmake /home/phuc/ur_robot_drawing/ur_gz/src/ur_drawing -DCMAKE_INSTALL_PREFIX=/tmp/ur_drawing_install/ur_drawing
[1.487s] DEBUG:colcon.colcon_core.event_handler.log_command:Invoking command in '/tmp/ur_drawing_build/ur_drawing': CMAKE_PREFIX_PATH=/opt/ros/humble /usr/bin/cmake --build /tmp/ur_drawing_build/ur_drawing -- -j12 -l12
[1.523s] DEBUG:colcon.colcon_core.event_handler.log_command:Invoked command in '/tmp/ur_drawing_build/ur_drawing' returned '0': CMAKE_PREFIX_PATH=/opt/ros/humble /usr/bin/cmake --build /tmp/ur_drawing_build/ur_drawing -- -j12 -l12
[1.532s] DEBUG:colcon.colcon_core.event_handler.log_command:Invoking command in '/tmp/ur_drawing_build/ur_drawing': CMAKE_PREFIX_PATH=/opt/ros/humble /usr/bin/cmake --install /tmp/ur_drawing_build/ur_drawing
[30.467s] Level 1:colcon.colcon_core.environment:create_environment_scripts_only(ur_drawing)
[30.469s] DEBUG:colcon.colcon_core.event_handler.log_command:Invoked command in '/tmp/ur_drawing_build/ur_drawing' returned '0': CMAKE_PREFIX_PATH=/opt/ros/humble /usr/bin/cmake --install /tmp/ur_drawing_build/ur_drawing
[30.492s] Level 1:colcon.colcon_core.environment:checking '/tmp/ur_drawing_install/ur_drawing' for CMake module files
[30.496s] Level 1:colcon.colcon_core.environment:checking '/tmp/ur_drawing_install/ur_drawing' for CMake config files
[30.497s] Level 1:colcon.colcon_core.shell:create_environment_hook('ur_drawing', 'cmake_prefix_path')
[30.498s] INFO:colcon.colcon_core.shell:Creating environment hook '/tmp/ur_drawing_install/ur_drawing/share/ur_drawing/hook/cmake_prefix_path.ps1'
[30.500s] INFO:colcon.colcon_core.shell:Creating environment descriptor '/tmp/ur_drawing_install/ur_drawing/share/ur_drawing/hook/cmake_prefix_path.dsv'
[30.502s] INFO:colcon.colcon_core.shell:Creating environment hook '/tmp/ur_drawing_install/ur_drawing/share/ur_drawing/hook/cmake_prefix_path.sh'
[30.504s] Level 1:colcon.colcon_core.environment:checking '/tmp/ur_drawing_install/ur_drawing/lib'
[30.505s] Level 1:colcon.colcon_core.environment:checking '/tmp/ur_drawing_install/ur_drawing/bin'
[30.505s] Level 1:colcon.colcon_core.environment:checking '/tmp/ur_drawing_install/ur_drawing/lib/pkgconfig/ur_drawing.pc'
[30.505s] Level 1:colcon.colcon_core.environment:checking '/tmp/ur_drawing_install/ur_drawing/lib/python3.10/site-packages'
[30.506s] Level 1:colcon.colcon_core.environment:checking '/tmp/ur_drawing_install/ur_drawing/bin'
[30.507s] INFO:colcon.colcon_core.shell:Creating package script '/tmp/ur_drawing_install/ur_drawing/share/ur_drawing/package.ps1'
[30.510s] INFO:colcon.colcon_core.shell:Creating package descriptor '/tmp/ur_drawing_install/ur_drawing/share/ur_drawing/package.dsv'
[30.511s] INFO:colcon.colcon_core.shell:Creating package script '/tmp/ur_drawing_install/ur_drawing/share/ur_drawing/package.sh'
[30.513s] INFO:colcon.colcon_core.shell:Creating package script '/tmp/ur_drawing_install/ur_drawing/share/ur_drawing/package.bash'
[30.514s] INFO:colcon.colcon_core.shell:Creating package script '/tmp/ur_drawing_install/ur_drawing/share/ur_drawing/package.zsh'
[30.515s] Level 1:colcon.colcon_core.environment:create_file_with_runtime_dependencies(/tmp/ur_drawing_install/ur_drawing/share/colcon-core/packages/ur_drawing)
[30.516s] Level 1:colcon.colcon_core.environment:create_environment_scripts_only(ur_drawing)
[30.517s] Level 1:colcon.colcon_core.environment:checking '/tmp/ur_drawing_install/ur_drawing' for CMake module files
[30.517s] Level 1:colcon.colcon_core.environment:checking '/tmp/ur_drawing_install/ur_drawing' for CMake config files
[30.517s] Level 1:colcon.colcon_core.shell:create_environment_hook('ur_drawing', 'cmake_prefix_path')
[30.518s] INFO:colcon.colcon_core.shell:Creating environment hook '/tmp/ur_drawing_install/ur_drawing/share/ur_drawing/hook/cmake_prefix_path.ps1'
[30.518s] INFO:colcon.colcon_core.shell:Creating environment descriptor '/tmp/ur_drawing_install/ur_drawing/share/ur_drawing/hook/cmake_prefix_path.dsv'
[30.519s] INFO:colcon.colcon_core.shell:Creating environment hook '/tmp/ur_drawing_install/ur_drawing/share/ur_drawing/hook/cmake_prefix_path.sh'
[30.520s] Level 1:colcon.colcon_core.environment:checking '/tmp/ur_drawing_install/ur_drawing/lib'
[30.520s] Level 1:colcon.colcon_core.environment:checking '/tmp/ur_drawing_install/ur_drawing/bin'
[30.520s] Level 1:colcon.colcon_core.environment:checking '/tmp/ur_drawing_install/ur_drawing/lib/pkgconfig/ur_drawing.pc'
[30.520s] Level 1:colcon.colcon_core.environment:checking '/tmp/ur_drawing_install/ur_drawing/lib/python3.10/site-packages'
[30.520s] Level 1:colcon.colcon_core.environment:checking '/tmp/ur_drawing_install/ur_drawing/bin'
[30.521s] INFO:colcon.colcon_core.shell:Creating package script '/tmp/ur_drawing_install/ur_drawing/share/ur_drawing/package.ps1'
[30.522s] INFO:colcon.colcon_core.shell:Creating package descriptor '/tmp/ur_drawing_install/ur_drawing/share/ur_drawing/package.dsv'
[30.522s] INFO:colcon.colcon_core.shell:Creating package script '/tmp/ur_drawing_install/ur_drawing/share/ur_drawing/package.sh'
[30.523s] INFO:colcon.colcon_core.shell:Creating package script '/tmp/ur_drawing_install/ur_drawing/share/ur_drawing/package.bash'
[30.523s] INFO:colcon.colcon_core.shell:Creating package script '/tmp/ur_drawing_install/ur_drawing/share/ur_drawing/package.zsh'
[30.524s] Level 1:colcon.colcon_core.environment:create_file_with_runtime_dependencies(/tmp/ur_drawing_install/ur_drawing/share/colcon-core/packages/ur_drawing)
[30.524s] DEBUG:colcon.colcon_parallel_executor.executor.parallel:closing loop
[30.524s] DEBUG:colcon.colcon_parallel_executor.executor.parallel:loop closed
[30.524s] DEBUG:colcon.colcon_parallel_executor.executor.parallel:run_until_complete finished with '0'
[30.524s] DEBUG:colcon.colcon_core.event_reactor:joining thread
[30.531s] INFO:colcon.colcon_core.plugin_system:Skipping extension 'colcon_notification.desktop_notification.terminal_notifier': Not used on non-Darwin systems
[30.531s] INFO:colcon.colcon_core.plugin_system:Skipping extension 'colcon_notification.desktop_notification.win32': Not used on non-Windows systems
[30.531s] INFO:colcon.colcon_notification.desktop_notification:Sending desktop notification using 'notify2'
[30.531s] DEBUG:colcon.colcon_notification.desktop_notification.notify2:Failed to initialize notify2: org.freedesktop.DBus.Error.AccessDenied: Failed to connect to socket /run/user/1000/bus: Operation not permitted
[30.531s] DEBUG:colcon.colcon_core.event_reactor:joined thread
[30.531s] INFO:colcon.colcon_core.shell:Creating prefix script '/tmp/ur_drawing_install/local_setup.ps1'
[30.532s] INFO:colcon.colcon_core.shell:Creating prefix util module '/tmp/ur_drawing_install/_local_setup_util_ps1.py'
[30.534s] INFO:colcon.colcon_core.shell:Creating prefix chain script '/tmp/ur_drawing_install/setup.ps1'
[30.535s] INFO:colcon.colcon_core.shell:Creating prefix script '/tmp/ur_drawing_install/local_setup.sh'
[30.536s] INFO:colcon.colcon_core.shell:Creating prefix util module '/tmp/ur_drawing_install/_local_setup_util_sh.py'
[30.536s] INFO:colcon.colcon_core.shell:Creating prefix chain script '/tmp/ur_drawing_install/setup.sh'
[30.537s] INFO:colcon.colcon_core.shell:Creating prefix script '/tmp/ur_drawing_install/local_setup.bash'
[30.538s] INFO:colcon.colcon_core.shell:Creating prefix chain script '/tmp/ur_drawing_install/setup.bash'
[30.539s] INFO:colcon.colcon_core.shell:Creating prefix script '/tmp/ur_drawing_install/local_setup.zsh'
[30.539s] INFO:colcon.colcon_core.shell:Creating prefix chain script '/tmp/ur_drawing_install/setup.zsh'
