[0.014s] Invoking command in '/home/phuc/ur_robot_drawing/build/ur_simulation_gz': CMAKE_PREFIX_PATH=/opt/ros/humble /usr/bin/cmake --build /home/phuc/ur_robot_drawing/build/ur_simulation_gz -- -j12 -l12
[0.057s] Invoked command in '/home/phuc/ur_robot_drawing/build/ur_simulation_gz' returned '0': CMAKE_PREFIX_PATH=/opt/ros/humble /usr/bin/cmake --build /home/phuc/ur_robot_drawing/build/ur_simulation_gz -- -j12 -l12
[0.067s] Invoking command in '/home/phuc/ur_robot_drawing/build/ur_simulation_gz': CMAKE_PREFIX_PATH=/opt/ros/humble /usr/bin/cmake --install /home/phuc/ur_robot_drawing/build/ur_simulation_gz
[0.074s] -- Install configuration: ""
[0.075s] -- Up-to-date: /home/phuc/ur_robot_drawing/install/ur_simulation_gz/share/ur_simulation_gz/config
[0.075s] -- Up-to-date: /home/phuc/ur_robot_drawing/install/ur_simulation_gz/share/ur_simulation_gz/config/ur_controllers.yaml
[0.075s] -- Up-to-date: /home/phuc/ur_robot_drawing/install/ur_simulation_gz/share/ur_simulation_gz/launch
[0.075s] -- Up-to-date: /home/phuc/ur_robot_drawing/install/ur_simulation_gz/share/ur_simulation_gz/launch/ur_sim_moveit.launch.py
[0.075s] -- Up-to-date: /home/phuc/ur_robot_drawing/install/ur_simulation_gz/share/ur_simulation_gz/launch/ur_sim_control.launch.py
[0.075s] -- Up-to-date: /home/phuc/ur_robot_drawing/install/ur_simulation_gz/share/ament_index/resource_index/package_run_dependencies/ur_simulation_gz
[0.075s] -- Up-to-date: /home/phuc/ur_robot_drawing/install/ur_simulation_gz/share/ament_index/resource_index/parent_prefix_path/ur_simulation_gz
[0.075s] -- Up-to-date: /home/phuc/ur_robot_drawing/install/ur_simulation_gz/share/ur_simulation_gz/environment/ament_prefix_path.sh
[0.075s] -- Up-to-date: /home/phuc/ur_robot_drawing/install/ur_simulation_gz/share/ur_simulation_gz/environment/ament_prefix_path.dsv
[0.075s] -- Up-to-date: /home/phuc/ur_robot_drawing/install/ur_simulation_gz/share/ur_simulation_gz/environment/path.sh
[0.075s] -- Up-to-date: /home/phuc/ur_robot_drawing/install/ur_simulation_gz/share/ur_simulation_gz/environment/path.dsv
[0.075s] -- Up-to-date: /home/phuc/ur_robot_drawing/install/ur_simulation_gz/share/ur_simulation_gz/local_setup.bash
[0.075s] -- Up-to-date: /home/phuc/ur_robot_drawing/install/ur_simulation_gz/share/ur_simulation_gz/local_setup.sh
[0.075s] -- Up-to-date: /home/phuc/ur_robot_drawing/install/ur_simulation_gz/share/ur_simulation_gz/local_setup.zsh
[0.076s] -- Up-to-date: /home/phuc/ur_robot_drawing/install/ur_simulation_gz/share/ur_simulation_gz/local_setup.dsv
[0.076s] -- Up-to-date: /home/phuc/ur_robot_drawing/install/ur_simulation_gz/share/ur_simulation_gz/package.dsv
[0.076s] -- Up-to-date: /home/phuc/ur_robot_drawing/install/ur_simulation_gz/share/ament_index/resource_index/packages/ur_simulation_gz
[0.076s] -- Up-to-date: /home/phuc/ur_robot_drawing/install/ur_simulation_gz/share/ur_simulation_gz/cmake/ur_simulation_gzConfig.cmake
[0.076s] -- Up-to-date: /home/phuc/ur_robot_drawing/install/ur_simulation_gz/share/ur_simulation_gz/cmake/ur_simulation_gzConfig-version.cmake
[0.076s] -- Up-to-date: /home/phuc/ur_robot_drawing/install/ur_simulation_gz/share/ur_simulation_gz/package.xml
[0.077s] Invoked command in '/home/phuc/ur_robot_drawing/build/ur_simulation_gz' returned '0': CMAKE_PREFIX_PATH=/opt/ros/humble /usr/bin/cmake --install /home/phuc/ur_robot_drawing/build/ur_simulation_gz
