[0.176s] DEBUG:colcon:Command line arguments: ['/usr/bin/colcon', 'build']
[0.176s] DEBUG:colcon:Parsed command line arguments: Namespace(log_base=None, log_level=None, verb_name='build', build_base='build', install_base='install', merge_install=False, symlink_install=False, test_result_base=None, continue_on_error=False, executor='parallel', parallel_workers=12, event_handlers=None, ignore_user_meta=False, metas=['./colcon.meta'], base_paths=['.'], packages_ignore=None, packages_ignore_regex=None, paths=None, packages_up_to=None, packages_up_to_regex=None, packages_above=None, packages_above_and_dependencies=None, packages_above_depth=None, packages_select_by_dep=None, packages_skip_by_dep=None, packages_skip_up_to=None, packages_select_build_failed=False, packages_skip_build_finished=False, packages_select_test_failures=False, packages_skip_test_passed=False, packages_select=None, packages_skip=None, packages_select_regex=None, packages_skip_regex=None, packages_start=None, packages_end=None, allow_overriding=[], cmake_args=None, cmake_target=None, cmake_target_skip_unavailable=False, cmake_clean_cache=False, cmake_clean_first=False, cmake_force_configure=False, ament_cmake_args=None, catkin_cmake_args=None, catkin_skip_building_tests=False, verb_parser=<colcon_defaults.argument_parser.defaults.DefaultArgumentsDecorator object at 0x75a195547c70>, verb_extension=<colcon_core.verb.build.BuildVerb object at 0x75a19569da80>, main=<bound method BuildVerb.main of <colcon_core.verb.build.BuildVerb object at 0x75a19569da80>>)
[0.254s] Level 1:colcon.colcon_core.package_discovery:discover_packages(colcon_meta) check parameters
[0.254s] Level 1:colcon.colcon_core.package_discovery:discover_packages(recursive) check parameters
[0.254s] Level 1:colcon.colcon_core.package_discovery:discover_packages(ignore) check parameters
[0.254s] Level 1:colcon.colcon_core.package_discovery:discover_packages(path) check parameters
[0.254s] Level 1:colcon.colcon_core.package_discovery:discover_packages(colcon_meta) discover
[0.254s] Level 1:colcon.colcon_core.package_discovery:discover_packages(recursive) discover
[0.255s] INFO:colcon.colcon_core.package_discovery:Crawling recursively for packages in '/home/phuc/ur_robot_drawing'
[0.255s] Level 1:colcon.colcon_core.package_identification:_identify(.) by extensions ['ignore', 'ignore_ament_install']
[0.255s] Level 1:colcon.colcon_core.package_identification:_identify(.) by extension 'ignore'
[0.255s] Level 1:colcon.colcon_core.package_identification:_identify(.) by extension 'ignore_ament_install'
[0.255s] Level 1:colcon.colcon_core.package_identification:_identify(.) by extensions ['colcon_pkg']
[0.255s] Level 1:colcon.colcon_core.package_identification:_identify(.) by extension 'colcon_pkg'
[0.255s] Level 1:colcon.colcon_core.package_identification:_identify(.) by extensions ['colcon_meta']
[0.255s] Level 1:colcon.colcon_core.package_identification:_identify(.) by extension 'colcon_meta'
[0.255s] Level 1:colcon.colcon_core.package_identification:_identify(.) by extensions ['ros']
[0.255s] Level 1:colcon.colcon_core.package_identification:_identify(.) by extension 'ros'
[0.271s] Level 1:colcon.colcon_core.package_identification:_identify(.) by extensions ['cmake', 'python']
[0.271s] Level 1:colcon.colcon_core.package_identification:_identify(.) by extension 'cmake'
[0.271s] Level 1:colcon.colcon_core.package_identification:_identify(.) by extension 'python'
[0.271s] Level 1:colcon.colcon_core.package_identification:_identify(.) by extensions ['python_setup_py']
[0.271s] Level 1:colcon.colcon_core.package_identification:_identify(.) by extension 'python_setup_py'
[0.271s] Level 1:colcon.colcon_core.package_identification:_identify(Universal_Robots_ROS2_GZ_Simulation) by extensions ['ignore', 'ignore_ament_install']
[0.271s] Level 1:colcon.colcon_core.package_identification:_identify(Universal_Robots_ROS2_GZ_Simulation) by extension 'ignore'
[0.271s] Level 1:colcon.colcon_core.package_identification:_identify(Universal_Robots_ROS2_GZ_Simulation) by extension 'ignore_ament_install'
[0.271s] Level 1:colcon.colcon_core.package_identification:_identify(Universal_Robots_ROS2_GZ_Simulation) by extensions ['colcon_pkg']
[0.271s] Level 1:colcon.colcon_core.package_identification:_identify(Universal_Robots_ROS2_GZ_Simulation) by extension 'colcon_pkg'
[0.271s] Level 1:colcon.colcon_core.package_identification:_identify(Universal_Robots_ROS2_GZ_Simulation) by extensions ['colcon_meta']
[0.271s] Level 1:colcon.colcon_core.package_identification:_identify(Universal_Robots_ROS2_GZ_Simulation) by extension 'colcon_meta'
[0.271s] Level 1:colcon.colcon_core.package_identification:_identify(Universal_Robots_ROS2_GZ_Simulation) by extensions ['ros']
[0.271s] Level 1:colcon.colcon_core.package_identification:_identify(Universal_Robots_ROS2_GZ_Simulation) by extension 'ros'
[0.271s] Level 1:colcon.colcon_core.package_identification:_identify(Universal_Robots_ROS2_GZ_Simulation) by extensions ['cmake', 'python']
[0.271s] Level 1:colcon.colcon_core.package_identification:_identify(Universal_Robots_ROS2_GZ_Simulation) by extension 'cmake'
[0.272s] Level 1:colcon.colcon_core.package_identification:_identify(Universal_Robots_ROS2_GZ_Simulation) by extension 'python'
[0.272s] Level 1:colcon.colcon_core.package_identification:_identify(Universal_Robots_ROS2_GZ_Simulation) by extensions ['python_setup_py']
[0.272s] Level 1:colcon.colcon_core.package_identification:_identify(Universal_Robots_ROS2_GZ_Simulation) by extension 'python_setup_py'
[0.272s] Level 1:colcon.colcon_core.package_identification:_identify(Universal_Robots_ROS2_GZ_Simulation/ur_simulation_gz) by extensions ['ignore', 'ignore_ament_install']
[0.272s] Level 1:colcon.colcon_core.package_identification:_identify(Universal_Robots_ROS2_GZ_Simulation/ur_simulation_gz) by extension 'ignore'
[0.272s] Level 1:colcon.colcon_core.package_identification:_identify(Universal_Robots_ROS2_GZ_Simulation/ur_simulation_gz) by extension 'ignore_ament_install'
[0.272s] Level 1:colcon.colcon_core.package_identification:_identify(Universal_Robots_ROS2_GZ_Simulation/ur_simulation_gz) by extensions ['colcon_pkg']
[0.272s] Level 1:colcon.colcon_core.package_identification:_identify(Universal_Robots_ROS2_GZ_Simulation/ur_simulation_gz) by extension 'colcon_pkg'
[0.272s] Level 1:colcon.colcon_core.package_identification:_identify(Universal_Robots_ROS2_GZ_Simulation/ur_simulation_gz) by extensions ['colcon_meta']
[0.272s] Level 1:colcon.colcon_core.package_identification:_identify(Universal_Robots_ROS2_GZ_Simulation/ur_simulation_gz) by extension 'colcon_meta'
[0.272s] Level 1:colcon.colcon_core.package_identification:_identify(Universal_Robots_ROS2_GZ_Simulation/ur_simulation_gz) by extensions ['ros']
[0.272s] Level 1:colcon.colcon_core.package_identification:_identify(Universal_Robots_ROS2_GZ_Simulation/ur_simulation_gz) by extension 'ros'
[0.275s] DEBUG:colcon.colcon_core.package_identification:Package 'Universal_Robots_ROS2_GZ_Simulation/ur_simulation_gz' with type 'ros.ament_cmake' and name 'ur_simulation_gz'
[0.275s] Level 1:colcon.colcon_core.package_identification:_identify(build) by extensions ['ignore', 'ignore_ament_install']
[0.275s] Level 1:colcon.colcon_core.package_identification:_identify(build) by extension 'ignore'
[0.275s] Level 1:colcon.colcon_core.package_identification:_identify(build) ignored
[0.275s] Level 1:colcon.colcon_core.package_identification:_identify(install) by extensions ['ignore', 'ignore_ament_install']
[0.275s] Level 1:colcon.colcon_core.package_identification:_identify(install) by extension 'ignore'
[0.275s] Level 1:colcon.colcon_core.package_identification:_identify(install) ignored
[0.275s] Level 1:colcon.colcon_core.package_identification:_identify(log) by extensions ['ignore', 'ignore_ament_install']
[0.275s] Level 1:colcon.colcon_core.package_identification:_identify(log) by extension 'ignore'
[0.275s] Level 1:colcon.colcon_core.package_identification:_identify(log) ignored
[0.275s] Level 1:colcon.colcon_core.package_identification:_identify(ur_gz) by extensions ['ignore', 'ignore_ament_install']
[0.275s] Level 1:colcon.colcon_core.package_identification:_identify(ur_gz) by extension 'ignore'
[0.275s] Level 1:colcon.colcon_core.package_identification:_identify(ur_gz) by extension 'ignore_ament_install'
[0.275s] Level 1:colcon.colcon_core.package_identification:_identify(ur_gz) by extensions ['colcon_pkg']
[0.275s] Level 1:colcon.colcon_core.package_identification:_identify(ur_gz) by extension 'colcon_pkg'
[0.275s] Level 1:colcon.colcon_core.package_identification:_identify(ur_gz) by extensions ['colcon_meta']
[0.275s] Level 1:colcon.colcon_core.package_identification:_identify(ur_gz) by extension 'colcon_meta'
[0.276s] Level 1:colcon.colcon_core.package_identification:_identify(ur_gz) by extensions ['ros']
[0.276s] Level 1:colcon.colcon_core.package_identification:_identify(ur_gz) by extension 'ros'
[0.276s] Level 1:colcon.colcon_core.package_identification:_identify(ur_gz) by extensions ['cmake', 'python']
[0.276s] Level 1:colcon.colcon_core.package_identification:_identify(ur_gz) by extension 'cmake'
[0.276s] Level 1:colcon.colcon_core.package_identification:_identify(ur_gz) by extension 'python'
[0.276s] Level 1:colcon.colcon_core.package_identification:_identify(ur_gz) by extensions ['python_setup_py']
[0.276s] Level 1:colcon.colcon_core.package_identification:_identify(ur_gz) by extension 'python_setup_py'
[0.276s] Level 1:colcon.colcon_core.package_identification:_identify(ur_gz/src) by extensions ['ignore', 'ignore_ament_install']
[0.276s] Level 1:colcon.colcon_core.package_identification:_identify(ur_gz/src) by extension 'ignore'
[0.276s] Level 1:colcon.colcon_core.package_identification:_identify(ur_gz/src) by extension 'ignore_ament_install'
[0.276s] Level 1:colcon.colcon_core.package_identification:_identify(ur_gz/src) by extensions ['colcon_pkg']
[0.276s] Level 1:colcon.colcon_core.package_identification:_identify(ur_gz/src) by extension 'colcon_pkg'
[0.276s] Level 1:colcon.colcon_core.package_identification:_identify(ur_gz/src) by extensions ['colcon_meta']
[0.276s] Level 1:colcon.colcon_core.package_identification:_identify(ur_gz/src) by extension 'colcon_meta'
[0.276s] Level 1:colcon.colcon_core.package_identification:_identify(ur_gz/src) by extensions ['ros']
[0.276s] Level 1:colcon.colcon_core.package_identification:_identify(ur_gz/src) by extension 'ros'
[0.276s] Level 1:colcon.colcon_core.package_identification:_identify(ur_gz/src) by extensions ['cmake', 'python']
[0.276s] Level 1:colcon.colcon_core.package_identification:_identify(ur_gz/src) by extension 'cmake'
[0.276s] Level 1:colcon.colcon_core.package_identification:_identify(ur_gz/src) by extension 'python'
[0.276s] Level 1:colcon.colcon_core.package_identification:_identify(ur_gz/src) by extensions ['python_setup_py']
[0.276s] Level 1:colcon.colcon_core.package_identification:_identify(ur_gz/src) by extension 'python_setup_py'
[0.276s] Level 1:colcon.colcon_core.package_identification:_identify(ur_gz/src/ur_drawing) by extensions ['ignore', 'ignore_ament_install']
[0.277s] Level 1:colcon.colcon_core.package_identification:_identify(ur_gz/src/ur_drawing) by extension 'ignore'
[0.277s] Level 1:colcon.colcon_core.package_identification:_identify(ur_gz/src/ur_drawing) by extension 'ignore_ament_install'
[0.277s] Level 1:colcon.colcon_core.package_identification:_identify(ur_gz/src/ur_drawing) by extensions ['colcon_pkg']
[0.277s] Level 1:colcon.colcon_core.package_identification:_identify(ur_gz/src/ur_drawing) by extension 'colcon_pkg'
[0.277s] Level 1:colcon.colcon_core.package_identification:_identify(ur_gz/src/ur_drawing) by extensions ['colcon_meta']
[0.277s] Level 1:colcon.colcon_core.package_identification:_identify(ur_gz/src/ur_drawing) by extension 'colcon_meta'
[0.277s] Level 1:colcon.colcon_core.package_identification:_identify(ur_gz/src/ur_drawing) by extensions ['ros']
[0.277s] Level 1:colcon.colcon_core.package_identification:_identify(ur_gz/src/ur_drawing) by extension 'ros'
[0.277s] DEBUG:colcon.colcon_core.package_identification:Package 'ur_gz/src/ur_drawing' with type 'ros.ament_cmake' and name 'ur_drawing'
[0.277s] Level 1:colcon.colcon_core.package_discovery:discover_packages(recursive) using defaults
[0.277s] Level 1:colcon.colcon_core.package_discovery:discover_packages(ignore) discover
[0.277s] Level 1:colcon.colcon_core.package_discovery:discover_packages(ignore) using defaults
[0.277s] Level 1:colcon.colcon_core.package_discovery:discover_packages(path) discover
[0.277s] Level 1:colcon.colcon_core.package_discovery:discover_packages(path) using defaults
[0.304s] Level 1:colcon.colcon_core.package_discovery:discover_packages(prefix_path) check parameters
[0.305s] Level 1:colcon.colcon_core.package_discovery:discover_packages(prefix_path) discover
[0.310s] DEBUG:colcon.colcon_installed_package_information.package_discovery:Found 506 installed packages in /opt/ros/humble
[0.312s] Level 1:colcon.colcon_core.package_discovery:discover_packages(prefix_path) using defaults
[0.380s] Level 5:colcon.colcon_core.verb:set package 'ur_drawing' build argument 'cmake_args' from command line to 'None'
[0.380s] Level 5:colcon.colcon_core.verb:set package 'ur_drawing' build argument 'cmake_target' from command line to 'None'
[0.380s] Level 5:colcon.colcon_core.verb:set package 'ur_drawing' build argument 'cmake_target_skip_unavailable' from command line to 'False'
[0.380s] Level 5:colcon.colcon_core.verb:set package 'ur_drawing' build argument 'cmake_clean_cache' from command line to 'False'
[0.380s] Level 5:colcon.colcon_core.verb:set package 'ur_drawing' build argument 'cmake_clean_first' from command line to 'False'
[0.380s] Level 5:colcon.colcon_core.verb:set package 'ur_drawing' build argument 'cmake_force_configure' from command line to 'False'
[0.380s] Level 5:colcon.colcon_core.verb:set package 'ur_drawing' build argument 'ament_cmake_args' from command line to 'None'
[0.380s] Level 5:colcon.colcon_core.verb:set package 'ur_drawing' build argument 'catkin_cmake_args' from command line to 'None'
[0.380s] Level 5:colcon.colcon_core.verb:set package 'ur_drawing' build argument 'catkin_skip_building_tests' from command line to 'False'
[0.380s] DEBUG:colcon.colcon_core.verb:Building package 'ur_drawing' with the following arguments: {'ament_cmake_args': None, 'build_base': '/home/phuc/ur_robot_drawing/build/ur_drawing', 'catkin_cmake_args': None, 'catkin_skip_building_tests': False, 'cmake_args': None, 'cmake_clean_cache': False, 'cmake_clean_first': False, 'cmake_force_configure': False, 'cmake_target': None, 'cmake_target_skip_unavailable': False, 'install_base': '/home/phuc/ur_robot_drawing/install/ur_drawing', 'merge_install': False, 'path': '/home/phuc/ur_robot_drawing/ur_gz/src/ur_drawing', 'symlink_install': False, 'test_result_base': None}
[0.381s] Level 5:colcon.colcon_core.verb:set package 'ur_simulation_gz' build argument 'cmake_args' from command line to 'None'
[0.381s] Level 5:colcon.colcon_core.verb:set package 'ur_simulation_gz' build argument 'cmake_target' from command line to 'None'
[0.381s] Level 5:colcon.colcon_core.verb:set package 'ur_simulation_gz' build argument 'cmake_target_skip_unavailable' from command line to 'False'
[0.381s] Level 5:colcon.colcon_core.verb:set package 'ur_simulation_gz' build argument 'cmake_clean_cache' from command line to 'False'
[0.381s] Level 5:colcon.colcon_core.verb:set package 'ur_simulation_gz' build argument 'cmake_clean_first' from command line to 'False'
[0.381s] Level 5:colcon.colcon_core.verb:set package 'ur_simulation_gz' build argument 'cmake_force_configure' from command line to 'False'
[0.381s] Level 5:colcon.colcon_core.verb:set package 'ur_simulation_gz' build argument 'ament_cmake_args' from command line to 'None'
[0.381s] Level 5:colcon.colcon_core.verb:set package 'ur_simulation_gz' build argument 'catkin_cmake_args' from command line to 'None'
[0.381s] Level 5:colcon.colcon_core.verb:set package 'ur_simulation_gz' build argument 'catkin_skip_building_tests' from command line to 'False'
[0.381s] DEBUG:colcon.colcon_core.verb:Building package 'ur_simulation_gz' with the following arguments: {'ament_cmake_args': None, 'build_base': '/home/phuc/ur_robot_drawing/build/ur_simulation_gz', 'catkin_cmake_args': None, 'catkin_skip_building_tests': False, 'cmake_args': None, 'cmake_clean_cache': False, 'cmake_clean_first': False, 'cmake_force_configure': False, 'cmake_target': None, 'cmake_target_skip_unavailable': False, 'install_base': '/home/phuc/ur_robot_drawing/install/ur_simulation_gz', 'merge_install': False, 'path': '/home/phuc/ur_robot_drawing/Universal_Robots_ROS2_GZ_Simulation/ur_simulation_gz', 'symlink_install': False, 'test_result_base': None}
[0.381s] INFO:colcon.colcon_core.executor:Executing jobs using 'parallel' executor
[0.382s] DEBUG:colcon.colcon_parallel_executor.executor.parallel:run_until_complete
[0.382s] INFO:colcon.colcon_ros.task.ament_cmake.build:Building ROS package in '/home/phuc/ur_robot_drawing/ur_gz/src/ur_drawing' with build type 'ament_cmake'
[0.382s] INFO:colcon.colcon_cmake.task.cmake.build:Building CMake package in '/home/phuc/ur_robot_drawing/ur_gz/src/ur_drawing'
[0.387s] INFO:colcon.colcon_core.plugin_system:Skipping extension 'colcon_core.shell.bat': Not used on non-Windows systems
[0.387s] INFO:colcon.colcon_core.shell:Skip shell extension 'powershell' for command environment: Not usable outside of PowerShell
[0.387s] DEBUG:colcon.colcon_core.shell:Skip shell extension 'dsv' for command environment
[0.391s] INFO:colcon.colcon_ros.task.ament_cmake.build:Building ROS package in '/home/phuc/ur_robot_drawing/Universal_Robots_ROS2_GZ_Simulation/ur_simulation_gz' with build type 'ament_cmake'
[0.392s] INFO:colcon.colcon_cmake.task.cmake.build:Building CMake package in '/home/phuc/ur_robot_drawing/Universal_Robots_ROS2_GZ_Simulation/ur_simulation_gz'
[0.392s] INFO:colcon.colcon_core.shell:Skip shell extension 'powershell' for command environment: Not usable outside of PowerShell
[0.392s] DEBUG:colcon.colcon_core.shell:Skip shell extension 'dsv' for command environment
[0.401s] DEBUG:colcon.colcon_core.event_handler.log_command:Invoking command in '/home/phuc/ur_robot_drawing/build/ur_drawing': CMAKE_PREFIX_PATH=/opt/ros/humble /usr/bin/cmake --build /home/phuc/ur_robot_drawing/build/ur_drawing -- -j12 -l12
[0.406s] DEBUG:colcon.colcon_core.event_handler.log_command:Invoking command in '/home/phuc/ur_robot_drawing/build/ur_simulation_gz': CMAKE_PREFIX_PATH=/opt/ros/humble /usr/bin/cmake --build /home/phuc/ur_robot_drawing/build/ur_simulation_gz -- -j12 -l12
[0.449s] DEBUG:colcon.colcon_core.event_handler.log_command:Invoked command in '/home/phuc/ur_robot_drawing/build/ur_simulation_gz' returned '0': CMAKE_PREFIX_PATH=/opt/ros/humble /usr/bin/cmake --build /home/phuc/ur_robot_drawing/build/ur_simulation_gz -- -j12 -l12
[0.459s] DEBUG:colcon.colcon_core.event_handler.log_command:Invoking command in '/home/phuc/ur_robot_drawing/build/ur_simulation_gz': CMAKE_PREFIX_PATH=/opt/ros/humble /usr/bin/cmake --install /home/phuc/ur_robot_drawing/build/ur_simulation_gz
[0.468s] Level 1:colcon.colcon_core.environment:create_environment_scripts_only(ur_simulation_gz)
[0.469s] DEBUG:colcon.colcon_core.event_handler.log_command:Invoked command in '/home/phuc/ur_robot_drawing/build/ur_simulation_gz' returned '0': CMAKE_PREFIX_PATH=/opt/ros/humble /usr/bin/cmake --install /home/phuc/ur_robot_drawing/build/ur_simulation_gz
[0.474s] Level 1:colcon.colcon_core.environment:checking '/home/phuc/ur_robot_drawing/install/ur_simulation_gz' for CMake module files
[0.474s] Level 1:colcon.colcon_core.environment:checking '/home/phuc/ur_robot_drawing/install/ur_simulation_gz' for CMake config files
[0.475s] Level 1:colcon.colcon_core.shell:create_environment_hook('ur_simulation_gz', 'cmake_prefix_path')
[0.475s] INFO:colcon.colcon_core.shell:Creating environment hook '/home/phuc/ur_robot_drawing/install/ur_simulation_gz/share/ur_simulation_gz/hook/cmake_prefix_path.ps1'
[0.476s] INFO:colcon.colcon_core.shell:Creating environment descriptor '/home/phuc/ur_robot_drawing/install/ur_simulation_gz/share/ur_simulation_gz/hook/cmake_prefix_path.dsv'
[0.477s] INFO:colcon.colcon_core.shell:Creating environment hook '/home/phuc/ur_robot_drawing/install/ur_simulation_gz/share/ur_simulation_gz/hook/cmake_prefix_path.sh'
[0.478s] Level 1:colcon.colcon_core.environment:checking '/home/phuc/ur_robot_drawing/install/ur_simulation_gz/bin'
[0.478s] Level 1:colcon.colcon_core.environment:checking '/home/phuc/ur_robot_drawing/install/ur_simulation_gz/lib/pkgconfig/ur_simulation_gz.pc'
[0.478s] Level 1:colcon.colcon_core.environment:checking '/home/phuc/ur_robot_drawing/install/ur_simulation_gz/lib/python3.10/site-packages'
[0.479s] Level 1:colcon.colcon_core.environment:checking '/home/phuc/ur_robot_drawing/install/ur_simulation_gz/bin'
[0.479s] INFO:colcon.colcon_core.shell:Creating package script '/home/phuc/ur_robot_drawing/install/ur_simulation_gz/share/ur_simulation_gz/package.ps1'
[0.480s] INFO:colcon.colcon_core.shell:Creating package descriptor '/home/phuc/ur_robot_drawing/install/ur_simulation_gz/share/ur_simulation_gz/package.dsv'
[0.481s] INFO:colcon.colcon_core.shell:Creating package script '/home/phuc/ur_robot_drawing/install/ur_simulation_gz/share/ur_simulation_gz/package.sh'
[0.481s] INFO:colcon.colcon_core.shell:Creating package script '/home/phuc/ur_robot_drawing/install/ur_simulation_gz/share/ur_simulation_gz/package.bash'
[0.482s] INFO:colcon.colcon_core.shell:Creating package script '/home/phuc/ur_robot_drawing/install/ur_simulation_gz/share/ur_simulation_gz/package.zsh'
[0.483s] Level 1:colcon.colcon_core.environment:create_file_with_runtime_dependencies(/home/phuc/ur_robot_drawing/install/ur_simulation_gz/share/colcon-core/packages/ur_simulation_gz)
[0.484s] Level 1:colcon.colcon_core.environment:create_environment_scripts_only(ur_simulation_gz)
[0.484s] Level 1:colcon.colcon_core.environment:checking '/home/phuc/ur_robot_drawing/install/ur_simulation_gz' for CMake module files
[0.484s] Level 1:colcon.colcon_core.environment:checking '/home/phuc/ur_robot_drawing/install/ur_simulation_gz' for CMake config files
[0.484s] Level 1:colcon.colcon_core.shell:create_environment_hook('ur_simulation_gz', 'cmake_prefix_path')
[0.485s] INFO:colcon.colcon_core.shell:Creating environment hook '/home/phuc/ur_robot_drawing/install/ur_simulation_gz/share/ur_simulation_gz/hook/cmake_prefix_path.ps1'
[0.485s] INFO:colcon.colcon_core.shell:Creating environment descriptor '/home/phuc/ur_robot_drawing/install/ur_simulation_gz/share/ur_simulation_gz/hook/cmake_prefix_path.dsv'
[0.485s] INFO:colcon.colcon_core.shell:Creating environment hook '/home/phuc/ur_robot_drawing/install/ur_simulation_gz/share/ur_simulation_gz/hook/cmake_prefix_path.sh'
[0.486s] Level 1:colcon.colcon_core.environment:checking '/home/phuc/ur_robot_drawing/install/ur_simulation_gz/bin'
[0.486s] Level 1:colcon.colcon_core.environment:checking '/home/phuc/ur_robot_drawing/install/ur_simulation_gz/lib/pkgconfig/ur_simulation_gz.pc'
[0.486s] Level 1:colcon.colcon_core.environment:checking '/home/phuc/ur_robot_drawing/install/ur_simulation_gz/lib/python3.10/site-packages'
[0.487s] Level 1:colcon.colcon_core.environment:checking '/home/phuc/ur_robot_drawing/install/ur_simulation_gz/bin'
[0.487s] INFO:colcon.colcon_core.shell:Creating package script '/home/phuc/ur_robot_drawing/install/ur_simulation_gz/share/ur_simulation_gz/package.ps1'
[0.488s] INFO:colcon.colcon_core.shell:Creating package descriptor '/home/phuc/ur_robot_drawing/install/ur_simulation_gz/share/ur_simulation_gz/package.dsv'
[0.488s] INFO:colcon.colcon_core.shell:Creating package script '/home/phuc/ur_robot_drawing/install/ur_simulation_gz/share/ur_simulation_gz/package.sh'
[0.488s] INFO:colcon.colcon_core.shell:Creating package script '/home/phuc/ur_robot_drawing/install/ur_simulation_gz/share/ur_simulation_gz/package.bash'
[0.489s] INFO:colcon.colcon_core.shell:Creating package script '/home/phuc/ur_robot_drawing/install/ur_simulation_gz/share/ur_simulation_gz/package.zsh'
[0.489s] Level 1:colcon.colcon_core.environment:create_file_with_runtime_dependencies(/home/phuc/ur_robot_drawing/install/ur_simulation_gz/share/colcon-core/packages/ur_simulation_gz)
[0.714s] DEBUG:colcon.colcon_core.event_handler.log_command:Invoked command in '/home/phuc/ur_robot_drawing/build/ur_drawing' returned '0': CMAKE_PREFIX_PATH=/opt/ros/humble /usr/bin/cmake --build /home/phuc/ur_robot_drawing/build/ur_drawing -- -j12 -l12
[0.716s] DEBUG:colcon.colcon_core.event_handler.log_command:Invoking command in '/home/phuc/ur_robot_drawing/build/ur_drawing': CMAKE_PREFIX_PATH=/opt/ros/humble /usr/bin/cmake --install /home/phuc/ur_robot_drawing/build/ur_drawing
[0.726s] Level 1:colcon.colcon_core.environment:create_environment_scripts_only(ur_drawing)
[0.726s] Level 1:colcon.colcon_core.environment:checking '/home/phuc/ur_robot_drawing/install/ur_drawing' for CMake module files
[0.727s] DEBUG:colcon.colcon_core.event_handler.log_command:Invoked command in '/home/phuc/ur_robot_drawing/build/ur_drawing' returned '0': CMAKE_PREFIX_PATH=/opt/ros/humble /usr/bin/cmake --install /home/phuc/ur_robot_drawing/build/ur_drawing
[0.727s] Level 1:colcon.colcon_core.environment:checking '/home/phuc/ur_robot_drawing/install/ur_drawing' for CMake config files
[0.728s] Level 1:colcon.colcon_core.shell:create_environment_hook('ur_drawing', 'cmake_prefix_path')
[0.728s] INFO:colcon.colcon_core.shell:Creating environment hook '/home/phuc/ur_robot_drawing/install/ur_drawing/share/ur_drawing/hook/cmake_prefix_path.ps1'
[0.728s] INFO:colcon.colcon_core.shell:Creating environment descriptor '/home/phuc/ur_robot_drawing/install/ur_drawing/share/ur_drawing/hook/cmake_prefix_path.dsv'
[0.729s] INFO:colcon.colcon_core.shell:Creating environment hook '/home/phuc/ur_robot_drawing/install/ur_drawing/share/ur_drawing/hook/cmake_prefix_path.sh'
[0.729s] Level 1:colcon.colcon_core.environment:checking '/home/phuc/ur_robot_drawing/install/ur_drawing/lib'
[0.729s] Level 1:colcon.colcon_core.environment:checking '/home/phuc/ur_robot_drawing/install/ur_drawing/bin'
[0.729s] Level 1:colcon.colcon_core.environment:checking '/home/phuc/ur_robot_drawing/install/ur_drawing/lib/pkgconfig/ur_drawing.pc'
[0.729s] Level 1:colcon.colcon_core.environment:checking '/home/phuc/ur_robot_drawing/install/ur_drawing/lib/python3.10/site-packages'
[0.730s] Level 1:colcon.colcon_core.environment:checking '/home/phuc/ur_robot_drawing/install/ur_drawing/bin'
[0.730s] INFO:colcon.colcon_core.shell:Creating package script '/home/phuc/ur_robot_drawing/install/ur_drawing/share/ur_drawing/package.ps1'
[0.730s] INFO:colcon.colcon_core.shell:Creating package descriptor '/home/phuc/ur_robot_drawing/install/ur_drawing/share/ur_drawing/package.dsv'
[0.731s] INFO:colcon.colcon_core.shell:Creating package script '/home/phuc/ur_robot_drawing/install/ur_drawing/share/ur_drawing/package.sh'
[0.731s] INFO:colcon.colcon_core.shell:Creating package script '/home/phuc/ur_robot_drawing/install/ur_drawing/share/ur_drawing/package.bash'
[0.731s] INFO:colcon.colcon_core.shell:Creating package script '/home/phuc/ur_robot_drawing/install/ur_drawing/share/ur_drawing/package.zsh'
[0.732s] Level 1:colcon.colcon_core.environment:create_file_with_runtime_dependencies(/home/phuc/ur_robot_drawing/install/ur_drawing/share/colcon-core/packages/ur_drawing)
[0.732s] Level 1:colcon.colcon_core.environment:create_environment_scripts_only(ur_drawing)
[0.732s] Level 1:colcon.colcon_core.environment:checking '/home/phuc/ur_robot_drawing/install/ur_drawing' for CMake module files
[0.733s] Level 1:colcon.colcon_core.environment:checking '/home/phuc/ur_robot_drawing/install/ur_drawing' for CMake config files
[0.733s] Level 1:colcon.colcon_core.shell:create_environment_hook('ur_drawing', 'cmake_prefix_path')
[0.733s] INFO:colcon.colcon_core.shell:Creating environment hook '/home/phuc/ur_robot_drawing/install/ur_drawing/share/ur_drawing/hook/cmake_prefix_path.ps1'
[0.734s] INFO:colcon.colcon_core.shell:Creating environment descriptor '/home/phuc/ur_robot_drawing/install/ur_drawing/share/ur_drawing/hook/cmake_prefix_path.dsv'
[0.734s] INFO:colcon.colcon_core.shell:Creating environment hook '/home/phuc/ur_robot_drawing/install/ur_drawing/share/ur_drawing/hook/cmake_prefix_path.sh'
[0.735s] Level 1:colcon.colcon_core.environment:checking '/home/phuc/ur_robot_drawing/install/ur_drawing/lib'
[0.735s] Level 1:colcon.colcon_core.environment:checking '/home/phuc/ur_robot_drawing/install/ur_drawing/bin'
[0.735s] Level 1:colcon.colcon_core.environment:checking '/home/phuc/ur_robot_drawing/install/ur_drawing/lib/pkgconfig/ur_drawing.pc'
[0.736s] Level 1:colcon.colcon_core.environment:checking '/home/phuc/ur_robot_drawing/install/ur_drawing/lib/python3.10/site-packages'
[0.737s] Level 1:colcon.colcon_core.environment:checking '/home/phuc/ur_robot_drawing/install/ur_drawing/bin'
[0.737s] INFO:colcon.colcon_core.shell:Creating package script '/home/phuc/ur_robot_drawing/install/ur_drawing/share/ur_drawing/package.ps1'
[0.738s] INFO:colcon.colcon_core.shell:Creating package descriptor '/home/phuc/ur_robot_drawing/install/ur_drawing/share/ur_drawing/package.dsv'
[0.738s] INFO:colcon.colcon_core.shell:Creating package script '/home/phuc/ur_robot_drawing/install/ur_drawing/share/ur_drawing/package.sh'
[0.739s] INFO:colcon.colcon_core.shell:Creating package script '/home/phuc/ur_robot_drawing/install/ur_drawing/share/ur_drawing/package.bash'
[0.739s] INFO:colcon.colcon_core.shell:Creating package script '/home/phuc/ur_robot_drawing/install/ur_drawing/share/ur_drawing/package.zsh'
[0.740s] Level 1:colcon.colcon_core.environment:create_file_with_runtime_dependencies(/home/phuc/ur_robot_drawing/install/ur_drawing/share/colcon-core/packages/ur_drawing)
[0.740s] DEBUG:colcon.colcon_parallel_executor.executor.parallel:closing loop
[0.740s] DEBUG:colcon.colcon_parallel_executor.executor.parallel:loop closed
[0.740s] DEBUG:colcon.colcon_parallel_executor.executor.parallel:run_until_complete finished with '0'
[0.740s] DEBUG:colcon.colcon_core.event_reactor:joining thread
[0.747s] INFO:colcon.colcon_core.plugin_system:Skipping extension 'colcon_notification.desktop_notification.terminal_notifier': Not used on non-Darwin systems
[0.747s] INFO:colcon.colcon_core.plugin_system:Skipping extension 'colcon_notification.desktop_notification.win32': Not used on non-Windows systems
[0.747s] INFO:colcon.colcon_notification.desktop_notification:Sending desktop notification using 'notify2'
[0.762s] DEBUG:colcon.colcon_core.event_reactor:joined thread
[0.762s] INFO:colcon.colcon_core.shell:Creating prefix script '/home/phuc/ur_robot_drawing/install/local_setup.ps1'
[0.763s] INFO:colcon.colcon_core.shell:Creating prefix util module '/home/phuc/ur_robot_drawing/install/_local_setup_util_ps1.py'
[0.765s] INFO:colcon.colcon_core.shell:Creating prefix chain script '/home/phuc/ur_robot_drawing/install/setup.ps1'
[0.767s] INFO:colcon.colcon_core.shell:Creating prefix script '/home/phuc/ur_robot_drawing/install/local_setup.sh'
[0.767s] INFO:colcon.colcon_core.shell:Creating prefix util module '/home/phuc/ur_robot_drawing/install/_local_setup_util_sh.py'
[0.768s] INFO:colcon.colcon_core.shell:Creating prefix chain script '/home/phuc/ur_robot_drawing/install/setup.sh'
[0.769s] INFO:colcon.colcon_core.shell:Creating prefix script '/home/phuc/ur_robot_drawing/install/local_setup.bash'
[0.770s] INFO:colcon.colcon_core.shell:Creating prefix chain script '/home/phuc/ur_robot_drawing/install/setup.bash'
[0.771s] INFO:colcon.colcon_core.shell:Creating prefix script '/home/phuc/ur_robot_drawing/install/local_setup.zsh'
[0.772s] INFO:colcon.colcon_core.shell:Creating prefix chain script '/home/phuc/ur_robot_drawing/install/setup.zsh'
