[0.019s] Invoking command in '/home/phuc/ur_robot_drawing/build/ur_drawing': CMAKE_PREFIX_PATH=/opt/ros/humble /usr/bin/cmake --build /home/phuc/ur_robot_drawing/build/ur_drawing -- -j12 -l12
[0.057s] -- Found ament_cmake: 1.3.14 (/opt/ros/humble/share/ament_cmake/cmake)
[0.307s] -- Configuring done
[0.310s] -- Generating done
[0.312s] -- Build files have been written to: /home/phuc/ur_robot_drawing/build/ur_drawing
[0.332s] Invoked command in '/home/phuc/ur_robot_drawing/build/ur_drawing' returned '0': CMAKE_PREFIX_PATH=/opt/ros/humble /usr/bin/cmake --build /home/phuc/ur_robot_drawing/build/ur_drawing -- -j12 -l12
[0.333s] Invoking command in '/home/phuc/ur_robot_drawing/build/ur_drawing': CMAKE_PREFIX_PATH=/opt/ros/humble /usr/bin/cmake --install /home/phuc/ur_robot_drawing/build/ur_drawing
[0.340s] -- Install configuration: ""
[0.341s] -- Up-to-date: /home/phuc/ur_robot_drawing/install/ur_drawing/share/ur_drawing/config
[0.341s] -- Up-to-date: /home/phuc/ur_robot_drawing/install/ur_drawing/share/ur_drawing/config/draw_p.rviz
[0.341s] -- Up-to-date: /home/phuc/ur_robot_drawing/install/ur_drawing/share/ur_drawing/launch
[0.341s] -- Installing: /home/phuc/ur_robot_drawing/install/ur_drawing/share/ur_drawing/launch/draw_p.launch.py
[0.341s] -- Installing: /home/phuc/ur_robot_drawing/install/ur_drawing/lib/ur_drawing/draw_p.py
[0.341s] -- Installing: /home/phuc/ur_robot_drawing/install/ur_drawing/share/ament_index/resource_index/package_run_dependencies/ur_drawing
[0.341s] -- Installing: /home/phuc/ur_robot_drawing/install/ur_drawing/share/ament_index/resource_index/parent_prefix_path/ur_drawing
[0.341s] -- Up-to-date: /home/phuc/ur_robot_drawing/install/ur_drawing/share/ur_drawing/environment/ament_prefix_path.sh
[0.341s] -- Installing: /home/phuc/ur_robot_drawing/install/ur_drawing/share/ur_drawing/environment/ament_prefix_path.dsv
[0.342s] -- Up-to-date: /home/phuc/ur_robot_drawing/install/ur_drawing/share/ur_drawing/environment/path.sh
[0.342s] -- Installing: /home/phuc/ur_robot_drawing/install/ur_drawing/share/ur_drawing/environment/path.dsv
[0.342s] -- Up-to-date: /home/phuc/ur_robot_drawing/install/ur_drawing/share/ur_drawing/local_setup.bash
[0.342s] -- Up-to-date: /home/phuc/ur_robot_drawing/install/ur_drawing/share/ur_drawing/local_setup.sh
[0.342s] -- Up-to-date: /home/phuc/ur_robot_drawing/install/ur_drawing/share/ur_drawing/local_setup.zsh
[0.342s] -- Installing: /home/phuc/ur_robot_drawing/install/ur_drawing/share/ur_drawing/local_setup.dsv
[0.342s] -- Installing: /home/phuc/ur_robot_drawing/install/ur_drawing/share/ur_drawing/package.dsv
[0.342s] -- Up-to-date: /home/phuc/ur_robot_drawing/install/ur_drawing/share/ament_index/resource_index/packages/ur_drawing
[0.342s] -- Up-to-date: /home/phuc/ur_robot_drawing/install/ur_drawing/share/ur_drawing/cmake/ur_drawingConfig.cmake
[0.342s] -- Up-to-date: /home/phuc/ur_robot_drawing/install/ur_drawing/share/ur_drawing/cmake/ur_drawingConfig-version.cmake
[0.342s] -- Installing: /home/phuc/ur_robot_drawing/install/ur_drawing/share/ur_drawing/package.xml
[0.344s] Invoked command in '/home/phuc/ur_robot_drawing/build/ur_drawing' returned '0': CMAKE_PREFIX_PATH=/opt/ros/humble /usr/bin/cmake --install /home/phuc/ur_robot_drawing/build/ur_drawing
