[0.021s] Invoking command in '/home/phuc/ur_robot_drawing/build/ur_simulation_gz': CMAKE_PREFIX_PATH=${CMAKE_PREFIX_PATH}:/opt/ros/humble /usr/bin/cmake /home/phuc/ur_robot_drawing/Universal_Robots_ROS2_GZ_Simulation/ur_simulation_gz -DCMAKE_INSTALL_PREFIX=/home/phuc/ur_robot_drawing/install/ur_simulation_gz
[0.162s] -- The C compiler identification is GNU 11.4.0
[0.290s] -- The CXX compiler identification is GNU 11.4.0
[0.307s] -- Detecting C compiler ABI info
[0.416s] -- Detecting C compiler ABI info - done
[0.432s] -- Check for working C compiler: /usr/bin/cc - skipped
[0.433s] -- Detecting C compile features
[0.434s] -- Detecting C compile features - done
[0.440s] -- Detecting CXX compiler ABI info
[0.564s] -- Detecting CXX compiler ABI info - done
[0.581s] -- Check for working CXX compiler: /usr/bin/c++ - skipped
[0.581s] -- Detecting CXX compile features
[0.582s] -- Detecting CXX compile features - done
[0.587s] -- Found ament_cmake: 1.3.14 (/opt/ros/humble/share/ament_cmake/cmake)
[1.172s] -- Found Python3: /usr/bin/python3 (found version "3.10.12") found components: Interpreter 
[1.364s] -- Found launch_testing_ament_cmake: 1.0.15 (/opt/ros/humble/share/launch_testing_ament_cmake/cmake)
[1.369s] -- Found python_cmake_module: 0.10.0 (/opt/ros/humble/share/python_cmake_module/cmake)
[1.400s] -- Found PythonInterp: /usr/bin/python3 (found suitable version "3.10.12", minimum required is "3.6") 
[1.421s] -- Found PythonLibs: /usr/lib/x86_64-linux-gnu/libpython3.10.so (found suitable version "3.10.12", minimum required is "3.5") 
[1.421s] -- Using PYTHON_EXECUTABLE: /usr/bin/python3
[1.422s] -- Using PYTHON_INCLUDE_DIRS: /usr/include/python3.10
[1.422s] -- Using PYTHON_LIBRARIES: /usr/lib/x86_64-linux-gnu/libpython3.10.so
[1.455s] -- Found PythonExtra: .so  
[1.460s] -- Found ament_cmake_pytest: 1.3.14 (/opt/ros/humble/share/ament_cmake_pytest/cmake)
[1.567s] -- Configuring done
[1.572s] -- Generating done
[1.574s] -- Build files have been written to: /home/phuc/ur_robot_drawing/build/ur_simulation_gz
[1.603s] Invoked command in '/home/phuc/ur_robot_drawing/build/ur_simulation_gz' returned '0': CMAKE_PREFIX_PATH=${CMAKE_PREFIX_PATH}:/opt/ros/humble /usr/bin/cmake /home/phuc/ur_robot_drawing/Universal_Robots_ROS2_GZ_Simulation/ur_simulation_gz -DCMAKE_INSTALL_PREFIX=/home/phuc/ur_robot_drawing/install/ur_simulation_gz
[1.608s] Invoking command in '/home/phuc/ur_robot_drawing/build/ur_simulation_gz': CMAKE_PREFIX_PATH=${CMAKE_PREFIX_PATH}:/opt/ros/humble /usr/bin/cmake --build /home/phuc/ur_robot_drawing/build/ur_simulation_gz -- -j12 -l12
[1.663s] Invoked command in '/home/phuc/ur_robot_drawing/build/ur_simulation_gz' returned '0': CMAKE_PREFIX_PATH=${CMAKE_PREFIX_PATH}:/opt/ros/humble /usr/bin/cmake --build /home/phuc/ur_robot_drawing/build/ur_simulation_gz -- -j12 -l12
[1.665s] Invoking command in '/home/phuc/ur_robot_drawing/build/ur_simulation_gz': CMAKE_PREFIX_PATH=${CMAKE_PREFIX_PATH}:/opt/ros/humble /usr/bin/cmake --install /home/phuc/ur_robot_drawing/build/ur_simulation_gz
[1.679s] -- Install configuration: ""
[1.679s] -- Installing: /home/phuc/ur_robot_drawing/install/ur_simulation_gz/share/ur_simulation_gz/config
[1.679s] -- Installing: /home/phuc/ur_robot_drawing/install/ur_simulation_gz/share/ur_simulation_gz/config/ur_controllers.yaml
[1.679s] -- Installing: /home/phuc/ur_robot_drawing/install/ur_simulation_gz/share/ur_simulation_gz/launch
[1.679s] -- Installing: /home/phuc/ur_robot_drawing/install/ur_simulation_gz/share/ur_simulation_gz/launch/ur_sim_moveit.launch.py
[1.679s] -- Installing: /home/phuc/ur_robot_drawing/install/ur_simulation_gz/share/ur_simulation_gz/launch/ur_sim_control.launch.py
[1.680s] -- Installing: /home/phuc/ur_robot_drawing/install/ur_simulation_gz/share/ament_index/resource_index/package_run_dependencies/ur_simulation_gz
[1.680s] -- Installing: /home/phuc/ur_robot_drawing/install/ur_simulation_gz/share/ament_index/resource_index/parent_prefix_path/ur_simulation_gz
[1.680s] -- Installing: /home/phuc/ur_robot_drawing/install/ur_simulation_gz/share/ur_simulation_gz/environment/ament_prefix_path.sh
[1.681s] -- Installing: /home/phuc/ur_robot_drawing/install/ur_simulation_gz/share/ur_simulation_gz/environment/ament_prefix_path.dsv
[1.681s] -- Installing: /home/phuc/ur_robot_drawing/install/ur_simulation_gz/share/ur_simulation_gz/environment/path.sh
[1.681s] -- Installing: /home/phuc/ur_robot_drawing/install/ur_simulation_gz/share/ur_simulation_gz/environment/path.dsv
[1.682s] -- Installing: /home/phuc/ur_robot_drawing/install/ur_simulation_gz/share/ur_simulation_gz/local_setup.bash
[1.682s] -- Installing: /home/phuc/ur_robot_drawing/install/ur_simulation_gz/share/ur_simulation_gz/local_setup.sh
[1.682s] -- Installing: /home/phuc/ur_robot_drawing/install/ur_simulation_gz/share/ur_simulation_gz/local_setup.zsh
[1.682s] -- Installing: /home/phuc/ur_robot_drawing/install/ur_simulation_gz/share/ur_simulation_gz/local_setup.dsv
[1.683s] -- Installing: /home/phuc/ur_robot_drawing/install/ur_simulation_gz/share/ur_simulation_gz/package.dsv
[1.683s] -- Installing: /home/phuc/ur_robot_drawing/install/ur_simulation_gz/share/ament_index/resource_index/packages/ur_simulation_gz
[1.683s] -- Installing: /home/phuc/ur_robot_drawing/install/ur_simulation_gz/share/ur_simulation_gz/cmake/ur_simulation_gzConfig.cmake
[1.684s] -- Installing: /home/phuc/ur_robot_drawing/install/ur_simulation_gz/share/ur_simulation_gz/cmake/ur_simulation_gzConfig-version.cmake
[1.684s] -- Installing: /home/phuc/ur_robot_drawing/install/ur_simulation_gz/share/ur_simulation_gz/package.xml
[1.687s] Invoked command in '/home/phuc/ur_robot_drawing/build/ur_simulation_gz' returned '0': CMAKE_PREFIX_PATH=${CMAKE_PREFIX_PATH}:/opt/ros/humble /usr/bin/cmake --install /home/phuc/ur_robot_drawing/build/ur_simulation_gz
